route=vault|group=gameplay|state=verified|title=Storage|notice=Some("Manage stored items and zen.")|storage_gold=1250000|locked=true|password_verified=true|expand_button_visible=true|extended_visible=false|page_count=2|page_rows=15|page_columns=8|slot_count=240|actions=[DepositZen, WithdrawZen, UnlockVault, ToggleExtended, Close]|layout=UiShellLayout { group: Gameplay, outer_margin: 20.0, panel_gap: 16.0, sidebar_width: 320.0, content_max_width: 1200.0, footer_height: 36.0 }|widgets=[Body, Sidebar, ActionBar, Overlay]
